Calculating NLS estimates...
Calculating FGNLS estimates...
FGNLS iteration 3...
FGNLS iteration 4...
FGNLS iteration 5...
FGNLS iteration 6...
FGNLS iteration 7...
FGNLS iteration 8...
FGNLS iteration 9...
FGNLS iteration 10...
FGNLS iteration 11...
FGNLS iteration 12...
FGNLS iteration 13...
FGNLS iteration 14...
FGNLS iteration 15...
FGNLS iteration 16...
FGNLS iteration 17...
FGNLS iteration 18...
FGNLS iteration 19...
FGNLS iteration 20...
FGNLS iteration 21...
FGNLS iteration 22...
FGNLS iteration 23...
FGNLS iteration 24...
FGNLS iteration 25...
FGNLS iteration 26...
FGNLS iteration 27...
FGNLS iteration 28...
FGNLS iteration 29...
FGNLS iteration 30...
FGNLS iteration 31...
FGNLS iteration 32...
FGNLS iteration 33...
FGNLS iteration 34...
FGNLS iteration 35...
FGNLS iteration 36...
FGNLS iteration 37...
FGNLS iteration 38...
FGNLS iteration 39...
FGNLS iteration 40...
FGNLS iteration 41...
FGNLS iteration 42...
FGNLS iteration 43...
FGNLS iteration 44...
FGNLS iteration 45...
FGNLS iteration 46...
FGNLS iteration 47...
FGNLS iteration 48...
FGNLS iteration 49...
{
  "nobs": 6573,
  "original_rows": 6848,
  "converged": true,
  "llf_python": 124232.05815000775,
  "llf_stata": 124232.06,
  "n_outer": 49,
  "n_gn": 80,
  "max_abs_errors": {
    "coefficients": 6.5698094940391805e-06,
    "coefficient_se": 7.506162632321678e-07,
    "uncompensated": 3.282898930700995e-05,
    "uncompensated_stata_conditional_se": 6.417694418114905e-07,
    "r2": 4.746064818328399e-05,
    "llf": 0.0018499922443879768
  },
  "tolerances": {
    "coefficients": 0.0001,
    "coefficient_se": 1e-05,
    "uncompensated": 0.0002,
    "uncompensated_stata_conditional_se": 1e-05,
    "r2": 0.0001,
    "llf": 0.01
  },
  "inference": {
    "public_se": "full delta method including predicted-share uncertainty",
    "reference_se": "conditional delta method with predicted-share denominator fixed",
    "full_delta_vs_reference_max_abs_se_difference": 0.008318525204785931,
    "reference_conditional_se_used_only_for_benchmark": true
  },
  "estimation_start": "zero",
  "reference_coefficients_used_as_initial": false,
  "evaluation": {
    "prices": "arithmetic means on complete price vectors",
    "expenditure": "arithmetic mean on available full-frame rows",
    "demographics": "arithmetic means on complete demographic vectors"
  },
  "passed": true,
  "runtime_seconds": 22.23570441099946,
  "negative_shares_replaced": 1808,
  "data_sha256": "5aea8d631177a0335a3e7a712b2cc25b7ece4247c543adee1193bbda45f52658"
}
