--------------------------------------------------------------------------------------------------------------------------------------------------------------------------------------------------------
      name:  <unnamed>
       log:  C:\Users\Administrator\small4.log
  log type:  text
 opened on:  26 Jul 2026, 18:06:32

. 
. display "==================== RUN 1: default (fgnls) ===================="
==================== RUN 1: default (fgnls) ====================

. quaidsce_c sw1 sw2 sw4 sw9, anot(10) reps(1) prices(p1 p2 p4 p9)      ///
>     expenditure(total) demographics(x1 x2) nolog

Censored Quadratic AIDS model
--------------------
Number of obs          =       2000
Number of demographics =          2
Alpha_0                =         10
Log-likelihood         =  11630.326

------------------------------------------------------------------------------
             | Coefficient  Std. err.      z    P>|z|     [95% conf. interval]
-------------+----------------------------------------------------------------
alpha        |
     alpha_1 |   .0517851   .0613175     0.84   0.398     -.068395    .1719651
     alpha_2 |  -.6485395   .1218589    -5.32   0.000    -.8873786   -.4097005
     alpha_3 |   1.039618   .1257662     8.27   0.000     .7931209    1.286115
     alpha_4 |   .2651381    .096333     2.75   0.006     .0763288    .4539473
-------------+----------------------------------------------------------------
beta         |
      beta_1 |  -.0041681   .0200366    -0.21   0.835    -.0434391    .0351029
      beta_2 |  -.1618175   .0342654    -4.72   0.000    -.2289763   -.0946586
      beta_3 |   .1031523   .0347111     2.97   0.003     .0351197    .1711849
      beta_4 |   .0081192   .0276502     0.29   0.769    -.0460742    .0623127
-------------+----------------------------------------------------------------
gamma        |
   gamma_1_1 |  -.0327571   .0125574    -2.61   0.009    -.0573692   -.0081451
   gamma_2_1 |  -.0172835   .0199123    -0.87   0.385    -.0563108    .0217438
   gamma_3_1 |   .0167059   .0143114     1.17   0.243     -.011344    .0447558
   gamma_4_1 |   .0333348   .0129603     2.57   0.010     .0079331    .0587365
   gamma_2_2 |   .2693623   .0580417     4.64   0.000     .1556027    .3831219
   gamma_3_2 |   -.176597   .0408803    -4.32   0.000     -.256721   -.0964731
   gamma_4_2 |  -.0754818   .0307491    -2.45   0.014    -.1357489   -.0152146
   gamma_3_3 |   .0751565   .0397294     1.89   0.059    -.0027117    .1530247
   gamma_4_3 |   .0847346   .0225221     3.76   0.000     .0405922    .1288771
   gamma_4_4 |  -.0425877   .0274735    -1.55   0.121    -.0964348    .0112595
-------------+----------------------------------------------------------------
lambda       |
    lambda_1 |   -.000793   .0012516    -0.63   0.526    -.0032461    .0016602
    lambda_2 |  -.0001603   .0019208    -0.08   0.933     -.003925    .0036044
    lambda_3 |  -.0024755   .0020911    -1.18   0.236    -.0065739     .001623
    lambda_4 |  -.0003777    .001722    -0.22   0.826    -.0037528    .0029973
-------------+----------------------------------------------------------------
delta        |
     delta_1 |   .1067753   .0310056     3.44   0.001     .0460053    .1675452
     delta_2 |   .4751466   .0986249     4.82   0.000     .2818454    .6684478
     delta_3 |   .2867646   .0684866     4.19   0.000     .1525334    .4209958
     delta_4 |   .2958859   .1196207     2.47   0.013     .0614336    .5303383
-------------+----------------------------------------------------------------
eta          |
    eta_x1_1 |  -.0037546   .0016552    -2.27   0.023    -.0069987   -.0005104
    eta_x1_2 |  -.0069405   .0048949    -1.42   0.156    -.0165343    .0026533
    eta_x1_3 |   .0072574   .0047554     1.53   0.127     -.002063    .0165777
    eta_x1_4 |   .0034377   .0028663     1.20   0.230    -.0021801    .0090554
    eta_x2_1 |  -.0003759   .0003227    -1.17   0.244    -.0010083    .0002565
    eta_x2_2 |  -.0008501     .00099    -0.86   0.391    -.0027905    .0010903
    eta_x2_3 |  -.0022053   .0008035    -2.74   0.006    -.0037802   -.0006304
    eta_x2_4 |   .0034313   .0006635     5.17   0.000     .0021309    .0047317
-------------+----------------------------------------------------------------
rho          |
      rho_x1 |  -.9381267   .4053789    -2.31   0.021    -1.732655   -.1435987
      rho_x2 |   .8904255   .3831941     2.32   0.020     .1393789    1.641472
-------------+----------------------------------------------------------------
tau          |
        p1_1 |  -.2026921    .137397    -1.48   0.140    -.4719854    .0666011
        p2_1 |   .3072494   .3504958     0.88   0.381    -.3797097    .9942086
        p3_1 |   .0333709   .1561473     0.21   0.831    -.2726722    .3394139
        p4_1 |   .2150447   .1806053     1.19   0.234    -.1389352    .5690247
         M_1 |   .6874319   .0417161    16.48   0.000     .6056698     .769194
        x1_1 |    .279311   .1045187     2.67   0.008     .0744581    .4841639
        x2_1 |  -.0371504   .0232992    -1.59   0.111    -.0828161    .0085153
      cons_1 |  -9.526901   1.781695    -5.35   0.000    -13.01896   -6.034843
        p1_2 |   .1530815   .2753861     0.56   0.578    -.3866654    .6928285
        p2_2 |   -1.30008   .6014264    -2.16   0.031    -2.478855   -.1213062
        p3_2 |  -.1683618   .2769691    -0.61   0.543    -.7112113    .3744876
        p4_2 |  -.4873421   .3339511    -1.46   0.144    -1.141874    .1671902
         M_2 |   .3389499    .058691     5.78   0.000     .2239176    .4539821
        x1_2 |   .0615603   .1969365     0.31   0.755     -.324428    .4475487
        x2_2 |   .0326039   .0494729     0.66   0.510    -.0643612    .1295689
      cons_2 |   11.04144   2.753547     4.01   0.000     5.644586    16.43829
        p1_3 |   .1771789    .226627     0.78   0.434    -.2670019    .6213597
        p2_3 |  -.5480431   .5719039    -0.96   0.338    -1.668954     .572868
        p3_3 |  -.3901824    .238359    -1.64   0.102    -.8573575    .0769926
        p4_3 |   .1104421   .3061873     0.36   0.718    -.4896739    .7105582
         M_3 |   1.159324   .0717976    16.15   0.000     1.018603    1.300045
        x1_3 |   .0827105   .1632643     0.51   0.612    -.2372816    .4027026
        x2_3 |  -.0673574   .0424307    -1.59   0.112    -.1505201    .0158053
      cons_3 |  -5.617592   2.735105    -2.05   0.040     -10.9783   -.2568858
        p1_4 |   .0665766   .1938674     0.34   0.731    -.3133966    .4465498
        p2_4 |  -.6930324   .4890348    -1.42   0.156    -1.651523    .2654582
        p3_4 |   .1820385   .2249864     0.81   0.418    -.2589267    .6230036
        p4_4 |   .0297779   .2572045     0.12   0.908    -.4743337    .5338896
         M_4 |    .723547   .0503282    14.38   0.000     .6249056    .8221884
        x1_4 |  -.0470487   .1316385    -0.36   0.721    -.3050553     .210958
        x2_4 |  -.1071879   .0333247    -3.22   0.001    -.1725031   -.0418726
      cons_4 |  -3.244977   2.393385    -1.36   0.175    -7.935924    1.445971
-------------+----------------------------------------------------------------
ELAS_INC     |
         e_1 |   1.071216          .        .       .            .           .
         e_2 |   .5919384          .        .       .            .           .
         e_3 |   1.387453          .        .       .            .           .
         e_4 |   1.060676          .        .       .            .           .
-------------+----------------------------------------------------------------
ELAS_UNCOMP  |
       e_1_1 |  -1.284655          .        .       .            .           .
       e_2_1 |  -.1496509          .        .       .            .           .
       e_3_1 |   .1063891          .        .       .            .           .
       e_4_1 |   .2687972          .        .       .            .           .
       e_1_2 |  -.0357148          .        .       .            .           .
       e_2_2 |  -.5238962          .        .       .            .           .
       e_3_2 |   .0134156          .        .       .            .           .
       e_4_2 |   .0090702          .        .       .            .           .
       e_1_3 |   .0317617          .        .       .            .           .
       e_2_3 |  -.2397324          .        .       .            .           .
       e_3_3 |  -1.160218          .        .       .            .           .
       e_4_3 |   .0934081          .        .       .            .           .
       e_1_4 |   .0905892          .        .       .            .           .
       e_2_4 |  -.1616455          .        .       .            .           .
       e_3_4 |   .1700516          .        .       .            .           .
       e_4_4 |  -1.146374          .        .       .            .           .
-------------+----------------------------------------------------------------
ELAS_COMP    |
       e_1_1 |  -1.207523          .        .       .            .           .
       e_2_1 |   .1680646          .        .       .            .           .
       e_3_1 |   .5130827          .        .       .            .           .
       e_4_1 |   .5384714          .        .       .            .           .
       e_1_2 |   .0069075          .        .       .            .           .
       e_2_2 |  -.3483312          .        .       .            .           .
       e_3_2 |   .2381487          .        .       .            .           .
       e_4_2 |   .1580883          .        .       .            .           .
       e_1_3 |   .1316646          .        .       .            .           .
       e_2_3 |   .1717769          .        .       .            .           .
       e_3_3 |  -.6334634          .        .       .            .           .
       e_4_3 |   .4426937          .        .       .            .           .
       e_1_4 |   .1669627          .        .       .            .           .
       e_2_4 |    .152944          .        .       .            .           .
       e_3_4 |   .5727438          .        .       .            .           .
       e_4_4 |   -.879353          .        .       .            .           .
------------------------------------------------------------------------------

. 
. mat bb = e(b)

. mat VV = e(V)

. local nm : colfullnames bb

. mata: ///
>     b = st_matrix("bb"); v = st_matrix("VV"); nmv = tokens(st_local("nm")); ///
>     for (i=1; i<=cols(b); i++) ///
>         printf("PARM1 %s %21.17g %21.17g\n", nmv[i], b[i], sqrt(v[i,i]))
PARM1 alpha:alpha_1   .051785070053054313   .061317488067439752
PARM1 alpha:alpha_2   -.64853951849927682    .12185889048992229
PARM1 alpha:alpha_3    1.0396181601331684    .12576622660821604
PARM1 alpha:alpha_4    .26513807797065042   .096333015861138321
PARM1 beta:beta_1 -.0041680977694452531   .020036593858030367
PARM1 beta:beta_2   -.16181745241804776   .034265367193678571
PARM1 beta:beta_3    .10315229203646906   .034711131216965195
PARM1 beta:beta_4  .0081192388924489628   .027650226425911004
PARM1 gamma:gamma_1_1  -.032757140208792265   .012557407751555123
PARM1 gamma:gamma_2_1   -.01728353582893637   .019912259735247489
PARM1 gamma:gamma_3_1   .016705885581584912   .014311449002319072
PARM1 gamma:gamma_4_1   .033334790456143723   .012960283988131418
PARM1 gamma:gamma_2_2    .26936232147788042   .058041686853625749
PARM1 gamma:gamma_3_2   -.17659703385500108   .040880311028839267
PARM1 gamma:gamma_4_2  -.075481751793942953   .030749112021830755
PARM1 gamma:gamma_3_3   .075156506563860609   .039729420016638303
PARM1 gamma:gamma_4_3   .084734641709555553   .022522093062388771
PARM1 gamma:gamma_4_4  -.042587680371756323   .027473534878629115
PARM1 lambda:lambda_1 -.0007929663572803525   .001251645131032874
PARM1 lambda:lambda_2 -.0001603421955920683  .0019208017801965618
PARM1 lambda:lambda_3  -.002475471920394583  .0020910938873162257
PARM1 lambda:lambda_4 -.0003777330138448202  .0017220123182376341
PARM1 delta:delta_1    .10677527692083082   .031005646130873372
PARM1 delta:delta_2     .4751465832408559    .09862487397366361
PARM1 delta:delta_3    .28676460384714009   .068486562258050235
PARM1 delta:delta_4    .29588594566263043    .11962072827652093
PARM1 eta:eta_x1_1 -.0037545549367755016  .0016552215234215573
PARM1 eta:eta_x1_2 -.0069404989899329982  .0048949059545560425
PARM1 eta:eta_x1_3  .0072573685209882405  .0047553585835205456
PARM1 eta:eta_x1_4  .0034376854057202588  .0028662513130645905
PARM1 eta:eta_x2_1 -.0003758973817964254   .000322657833625647
PARM1 eta:eta_x2_2 -.0008501012555412827  .0009899937949704944
PARM1 eta:eta_x2_3 -.0022053051727910036  .0008035445878541869
PARM1 eta:eta_x2_4  .0034313038101287116  .0006634763521035051
PARM1 rho:rho_x1   -.93812674896575765    .40537891144671595
PARM1 rho:rho_x2    .89042545823857033    .38319407965702268
PARM1 tau:p1_1   -.20269212976810153     .1373970276120775
PARM1 tau:p2_1    .30724942531031352    .35049579315176665
PARM1 tau:p3_1   .033370879070798394    .15614729086738069
PARM1 tau:p4_1    .21504471699023095    .18060533651415692
PARM1 tau:M_1    .68743189931530879   .041716108137561728
PARM1 tau:x1_1    .27931101736277703    .10451871928042578
PARM1 tau:x2_1  -.037150386758411855   .023299241922866362
PARM1 tau:cons_1   -9.5269008848929069    1.7816950629474559
PARM1 tau:p1_2    .15308153208207559    .27538614418625046
PARM1 tau:p2_2   -1.3000804022974681    .60142644279462032
PARM1 tau:p3_2   -.16836184659301531     .2769690965509739
PARM1 tau:p4_2   -.48734205997117269    .33395114337814524
PARM1 tau:M_2    .33894987430803375   .058691011450307834
PARM1 tau:x1_2   .061560348139141401    .19693646206791759
PARM1 tau:x2_2   .032603865401429052   .049472880012081666
PARM1 tau:cons_2    11.041438132590223    2.7535465815272819
PARM1 tau:p1_3    .17717891837184704    .22662701750769396
PARM1 tau:p2_3    -.5480431181688753    .57190394222366436
PARM1 tau:p3_3   -.39018240435898366    .23835899798475718
PARM1 tau:p4_3    .11044213821288786    .30618730019320889
PARM1 tau:M_3    1.1593238200754736   .071797620221291422
PARM1 tau:x1_3   .082710457792100914    .16326427383223374
PARM1 tau:x2_3   -.06735739299028877   .042430739169631387
PARM1 tau:cons_3    -5.617592204064235    2.7351045620705627
PARM1 tau:p1_4   .066576584633029567    .19386743886973876
PARM1 tau:p2_4    -.6930323706035566    .48903478141943008
PARM1 tau:p3_4    .18203845505378649    .22498635943292258
PARM1 tau:p4_4   .029777930419776805    .25720454203099374
PARM1 tau:M_4    .72354704544749704   .050328168249089443
PARM1 tau:x1_4  -.047048679305480443    .13163846248370714
PARM1 tau:x2_4    -.1071878841986106   .033324725496512726
PARM1 tau:cons_4   -3.2449768360684441    2.3933845352259646
PARM1 ELAS_INC:e_1     1.071215724251994                     0
PARM1 ELAS_INC:e_2    .59193841690616167                     0
PARM1 ELAS_INC:e_3     1.387452818247763                     0
PARM1 ELAS_INC:e_4     1.060676070201193                     0
PARM1 ELAS_UNCOMP:e_1_1    -1.284654973726105                     0
PARM1 ELAS_UNCOMP:e_2_1    -.1496509012748006                     0
PARM1 ELAS_UNCOMP:e_3_1      .106389060123714                     0
PARM1 ELAS_UNCOMP:e_4_1    .26879717394398411                     0
PARM1 ELAS_UNCOMP:e_1_2  -.035714782134280303                     0
PARM1 ELAS_UNCOMP:e_2_2   -.52389617094046481                     0
PARM1 ELAS_UNCOMP:e_3_2   .013415577013801199                     0
PARM1 ELAS_UNCOMP:e_4_2  .0090701686015359998                     0
PARM1 ELAS_UNCOMP:e_1_3   .031761749269872498                     0
PARM1 ELAS_UNCOMP:e_2_3   -.23973241085421659                     0
PARM1 ELAS_UNCOMP:e_3_3     -1.16021840578608                     0
PARM1 ELAS_UNCOMP:e_4_3   .093408139693960002                     0
PARM1 ELAS_UNCOMP:e_1_4   .090589191383738096                     0
PARM1 ELAS_UNCOMP:e_2_4    -.1616454802921361                     0
PARM1 ELAS_UNCOMP:e_3_4    .17005160407952449                     0
PARM1 ELAS_UNCOMP:e_4_4    -1.146373895078777                     0
PARM1 ELAS_COMP:e_1_1    -1.207522612050175                     0
PARM1 ELAS_COMP:e_2_1    .16806458927724269                     0
PARM1 ELAS_COMP:e_3_1    .51308272785051046                     0
PARM1 ELAS_COMP:e_4_1    .53847137824120794                     0
PARM1 ELAS_COMP:e_1_2  .0069074526117280004                     0
PARM1 ELAS_COMP:e_2_2   -.34833115612025689                     0
PARM1 ELAS_COMP:e_3_2     .2381486540119587                     0
PARM1 ELAS_COMP:e_4_2    .15808825894332401                     0
PARM1 ELAS_COMP:e_1_3    .13166460745476649                     0
PARM1 ELAS_COMP:e_2_3    .17177690775218679                     0
PARM1 ELAS_COMP:e_3_3   -.63346337159809807                     0
PARM1 ELAS_COMP:e_4_3    .44269374696244362                     0
PARM1 ELAS_COMP:e_1_4    .16696265045043621                     0
PARM1 ELAS_COMP:e_2_4    .15294401865878751                     0
PARM1 ELAS_COMP:e_3_4    .57274382703152082                     0
PARM1 ELAS_COMP:e_4_4     -.879353005847202                     0

. 
. display "LL1 " %21.17g e(ll)
LL1    11630.325677091416

. display "N1 "  e(N)
N1 2000

. 
. display "==================== RUN 2: method(nls) ===================="
==================== RUN 2: method(nls) ====================

. quaidsce_c sw1 sw2 sw4 sw9, anot(10) reps(1) prices(p1 p2 p4 p9)      ///
>     expenditure(total) demographics(x1 x2) nolog method(nls)

Censored Quadratic AIDS model
--------------------
Number of obs          =       2000
Number of demographics =          2
Alpha_0                =         10
Log-likelihood         =  7284.3182

------------------------------------------------------------------------------
             | Coefficient  Std. err.      z    P>|z|     [95% conf. interval]
-------------+----------------------------------------------------------------
alpha        |
     alpha_1 |   .0442779   .0425719     1.04   0.298    -.0391615    .1277174
     alpha_2 |   .4856327   .1125426     4.32   0.000     .2650533    .7062121
     alpha_3 |   .2701403   .0728167     3.71   0.000     .1274222    .4128584
     alpha_4 |  -.6172965   .0970943    -6.36   0.000    -.8075979   -.4269951
-------------+----------------------------------------------------------------
beta         |
      beta_1 |  -.0033512   .0180627    -0.19   0.853    -.0387534    .0320509
      beta_2 |  -.1090373   .0191701    -5.69   0.000      -.14661   -.0714646
      beta_3 |   .1227696   .0263685     4.66   0.000     .0710882    .1744509
      beta_4 |  -.1140586   .0308058    -3.70   0.000    -.1744369   -.0536803
-------------+----------------------------------------------------------------
gamma        |
   gamma_1_1 |  -.0351295   .0129067    -2.72   0.006    -.0604262   -.0098329
   gamma_2_1 |  -.0157968   .0169032    -0.93   0.350    -.0489266    .0173329
   gamma_3_1 |   .0151842    .011833     1.28   0.199    -.0080081    .0383765
   gamma_4_1 |   .0357422   .0128971     2.77   0.006     .0104643    .0610201
   gamma_2_2 |  -.0202331   .0416534    -0.49   0.627    -.1018723    .0614061
   gamma_3_2 |  -.0092585   .0264277    -0.35   0.726    -.0610558    .0425387
   gamma_4_2 |   .0452884   .0269956     1.68   0.093     -.007622    .0981989
   gamma_3_3 |  -.0359828   .0275047    -1.31   0.191     -.089891    .0179255
   gamma_4_3 |   .0300571   .0177059     1.70   0.090    -.0046458    .0647601
   gamma_4_4 |  -.1110878   .0268229    -4.14   0.000    -.1636596   -.0585159
-------------+----------------------------------------------------------------
lambda       |
    lambda_1 |  -.0028694   .0017354    -1.65   0.098    -.0062708    .0005321
    lambda_2 |   .0101039   .0041375     2.44   0.015     .0019945    .0182133
    lambda_3 |  -.0201952   .0077185    -2.62   0.009    -.0353233   -.0050672
    lambda_4 |  -.0386077   .0135242    -2.85   0.004    -.0651146   -.0121008
-------------+----------------------------------------------------------------
delta        |
     delta_1 |   .1181723   .1294522     0.91   0.361    -.1355493    .3718938
     delta_2 |  -1.103786   .4254424    -2.59   0.009    -1.937638   -.2699339
     delta_3 |   1.461294   .2490273     5.87   0.000     .9732096    1.949379
     delta_4 |   2.915277   .3084402     9.45   0.000     2.310745    3.519809
-------------+----------------------------------------------------------------
eta          |
    eta_x1_1 |  -.0176227   .0068574    -2.57   0.010     -.031063   -.0041824
    eta_x1_2 |  -.0102706   .0156399    -0.66   0.511    -.0409243    .0203832
    eta_x1_3 |   .0056438   .0116214     0.49   0.627    -.0171338    .0284213
    eta_x1_4 |   .0222495   .0115356     1.93   0.054    -.0003598    .0448588
    eta_x2_1 |  -.0013293   .0016728    -0.79   0.427    -.0046081    .0019494
    eta_x2_2 |   -.004466   .0035563    -1.26   0.209    -.0114361    .0025042
    eta_x2_3 |  -.0058463   .0027111    -2.16   0.031      -.01116   -.0005325
    eta_x2_4 |   .0116416   .0031267     3.72   0.000     .0055134    .0177697
-------------+----------------------------------------------------------------
rho          |
      rho_x1 |  -.1726131   .1648293    -1.05   0.295    -.4956726    .1504464
      rho_x2 |   .3699267   .0855161     4.33   0.000     .2023184    .5375351
-------------+----------------------------------------------------------------
tau          |
        p1_1 |  -.2026921    .137397    -1.48   0.140    -.4719854    .0666011
        p2_1 |   .3072494   .3504958     0.88   0.381    -.3797097    .9942086
        p3_1 |   .0333709   .1561473     0.21   0.831    -.2726722    .3394139
        p4_1 |   .2150447   .1806053     1.19   0.234    -.1389352    .5690247
         M_1 |   .6874319   .0417161    16.48   0.000     .6056698     .769194
        x1_1 |    .279311   .1045187     2.67   0.008     .0744581    .4841639
        x2_1 |  -.0371504   .0232992    -1.59   0.111    -.0828161    .0085153
      cons_1 |  -9.526901   1.781695    -5.35   0.000    -13.01896   -6.034843
        p1_2 |   .1530815   .2753861     0.56   0.578    -.3866654    .6928285
        p2_2 |   -1.30008   .6014264    -2.16   0.031    -2.478855   -.1213062
        p3_2 |  -.1683618   .2769691    -0.61   0.543    -.7112113    .3744876
        p4_2 |  -.4873421   .3339511    -1.46   0.144    -1.141874    .1671902
         M_2 |   .3389499    .058691     5.78   0.000     .2239176    .4539821
        x1_2 |   .0615603   .1969365     0.31   0.755     -.324428    .4475487
        x2_2 |   .0326039   .0494729     0.66   0.510    -.0643612    .1295689
      cons_2 |   11.04144   2.753547     4.01   0.000     5.644586    16.43829
        p1_3 |   .1771789    .226627     0.78   0.434    -.2670019    .6213597
        p2_3 |  -.5480431   .5719039    -0.96   0.338    -1.668954     .572868
        p3_3 |  -.3901824    .238359    -1.64   0.102    -.8573575    .0769926
        p4_3 |   .1104421   .3061873     0.36   0.718    -.4896739    .7105582
         M_3 |   1.159324   .0717976    16.15   0.000     1.018603    1.300045
        x1_3 |   .0827105   .1632643     0.51   0.612    -.2372816    .4027026
        x2_3 |  -.0673574   .0424307    -1.59   0.112    -.1505201    .0158053
      cons_3 |  -5.617592   2.735105    -2.05   0.040     -10.9783   -.2568858
        p1_4 |   .0665766   .1938674     0.34   0.731    -.3133966    .4465498
        p2_4 |  -.6930324   .4890348    -1.42   0.156    -1.651523    .2654582
        p3_4 |   .1820385   .2249864     0.81   0.418    -.2589267    .6230036
        p4_4 |   .0297779   .2572045     0.12   0.908    -.4743337    .5338896
         M_4 |    .723547   .0503282    14.38   0.000     .6249056    .8221884
        x1_4 |  -.0470487   .1316385    -0.36   0.721    -.3050553     .210958
        x2_4 |  -.1071879   .0333247    -3.22   0.001    -.1725031   -.0418726
      cons_4 |  -3.244977   2.393385    -1.36   0.175    -7.935924    1.445971
-------------+----------------------------------------------------------------
ELAS_INC     |
         e_1 |   1.042141          .        .       .            .           .
         e_2 |   2.169904          .        .       .            .           .
         e_3 |   .8371459          .        .       .            .           .
         e_4 |   .6410547          .        .       .            .           .
-------------+----------------------------------------------------------------
ELAS_UNCOMP  |
       e_1_1 |  -1.285277          .        .       .            .           .
       e_2_1 |  -.1681596          .        .       .            .           .
       e_3_1 |   .1200633          .        .       .            .           .
       e_4_1 |   .3092448          .        .       .            .           .
       e_1_2 |  -1.666965          .        .       .            .           .
       e_2_2 |   12.94106          .        .       .            .           .
       e_3_2 |   1.234346          .        .       .            .           .
       e_4_2 |   7.521961          .        .       .            .           .
       e_1_3 |  -.0583685          .        .       .            .           .
       e_2_3 |   .0567254          .        .       .            .           .
       e_3_3 |  -.9513243          .        .       .            .           .
       e_4_3 |   .1304402          .        .       .            .           .
       e_1_4 |  -.0193599          .        .       .            .           .
       e_2_4 |    .419881          .        .       .            .           .
       e_3_4 |   -.104432          .        .       .            .           .
       e_4_4 |  -1.060896          .        .       .            .           .
-------------+----------------------------------------------------------------
ELAS_COMP    |
       e_1_1 |  -1.210238          .        .       .            .           .
       e_2_1 |   .1409324          .        .       .            .           .
       e_3_1 |   .5157185          .        .       .            .           .
       e_4_1 |   .5715995          .        .       .            .           .
       e_1_2 |  -1.510722          .        .       .            .           .
       e_2_2 |   13.58464          .        .       .            .           .
       e_3_2 |   2.058164          .        .       .            .           .
       e_4_2 |   8.068226          .        .       .            .           .
       e_1_3 |   .0019097          .        .       .            .           .
       e_2_3 |   .3050173          .        .       .            .           .
       e_3_3 |  -.6334966          .        .       .            .           .
       e_4_3 |   .3411882          .        .       .            .           .
       e_1_4 |    .026799          .        .       .            .           .
       e_2_4 |   .6100136          .        .       .            .           .
       e_3_4 |   .1389484          .        .       .            .           .
       e_4_4 |  -.8995131          .        .       .            .           .
------------------------------------------------------------------------------

. 
. mat bb = e(b)

. mat VV = e(V)

. local nm : colfullnames bb

. mata: ///
>     b = st_matrix("bb"); v = st_matrix("VV"); nmv = tokens(st_local("nm")); ///
>     for (i=1; i<=cols(b); i++) ///
>         printf("PARM2 %s %21.17g %21.17g\n", nmv[i], b[i], sqrt(v[i,i]))
PARM2 alpha:alpha_1   .044277939033195206   .042571927008584823
PARM2 alpha:alpha_2    .48563273622149217    .11254258521108608
PARM2 alpha:alpha_3    .27014030823844365   .072816683499745044
PARM2 alpha:alpha_4   -.61729649023837974   .097094322391955798
PARM2 beta:beta_1 -.0033512049543596152   .018062653985938149
PARM2 beta:beta_2   -.10903727555609229   .019170092067621266
PARM2 beta:beta_3     .1227695527595848    .02636850582414622
PARM2 beta:beta_4   -.11405858353994829   .030805819578073736
PARM2 gamma:gamma_1_1  -.035129536356612007   .012906706681887875
PARM2 gamma:gamma_2_1  -.015796818424720183   .016903248028561222
PARM2 gamma:gamma_3_1    .01518417324836065   .011833026564254716
PARM2 gamma:gamma_4_1    .03574218153297154   .012897138650502011
PARM2 gamma:gamma_2_2  -.020233108787087315   .041653433530729422
PARM2 gamma:gamma_3_2 -.0092585207277463156   .026427662272052847
PARM2 gamma:gamma_4_2   .045288447939553812   .026995640437309579
PARM2 gamma:gamma_3_3  -.035982785661592069   .027504708469627204
PARM2 gamma:gamma_4_3   .030057133140977736   .017705902033289429
PARM2 gamma:gamma_4_4   -.11108776261350309   .026822850996627606
PARM2 lambda:lambda_1 -.0028693590139228817  .0017354459267727867
PARM2 lambda:lambda_2   .010103869379085976  .0041375220606231552
PARM2 lambda:lambda_3  -.020195244308627167  .0077185312440038335
PARM2 lambda:lambda_4  -.038607701677512929   .013524161978324107
PARM2 delta:delta_1    .11817227351474713    .12945215692120809
PARM2 delta:delta_2   -1.1037857576956931    .42544242801820509
PARM2 delta:delta_3    1.4612942089746896    .24902731173627043
PARM2 delta:delta_4     2.915277041161223    .30844020009190964
PARM2 eta:eta_x1_1  -.017622667907156588   .006857424137923466
PARM2 eta:eta_x1_2   -.01027056782163446    .01563994837210355
PARM2 eta:eta_x1_3  .0056437659533379019    .01162140898466103
PARM2 eta:eta_x1_4   .022249469775453147   .011535568211492356
PARM2 eta:eta_x2_1 -.0013293453462275423  .0016728451393677223
PARM2 eta:eta_x2_2   -.00446595292618936  .0035562865651047873
PARM2 eta:eta_x2_3 -.0058462597377333097  .0027111340905829188
PARM2 eta:eta_x2_4   .011641558010150212  .0031266770917500047
PARM2 rho:rho_x1   -.17261309419443185    .16482930449518424
PARM2 rho:rho_x2    .36992674464861736   .085516053668310818
PARM2 tau:p1_1   -.20269212976810153     .1373970276120775
PARM2 tau:p2_1    .30724942531031352    .35049579315176665
PARM2 tau:p3_1   .033370879070798394    .15614729086738069
PARM2 tau:p4_1    .21504471699023095    .18060533651415692
PARM2 tau:M_1    .68743189931530879   .041716108137561728
PARM2 tau:x1_1    .27931101736277703    .10451871928042578
PARM2 tau:x2_1  -.037150386758411855   .023299241922866362
PARM2 tau:cons_1   -9.5269008848929069    1.7816950629474559
PARM2 tau:p1_2    .15308153208207559    .27538614418625046
PARM2 tau:p2_2   -1.3000804022974681    .60142644279462032
PARM2 tau:p3_2   -.16836184659301531     .2769690965509739
PARM2 tau:p4_2   -.48734205997117269    .33395114337814524
PARM2 tau:M_2    .33894987430803375   .058691011450307834
PARM2 tau:x1_2   .061560348139141401    .19693646206791759
PARM2 tau:x2_2   .032603865401429052   .049472880012081666
PARM2 tau:cons_2    11.041438132590223    2.7535465815272819
PARM2 tau:p1_3    .17717891837184704    .22662701750769396
PARM2 tau:p2_3    -.5480431181688753    .57190394222366436
PARM2 tau:p3_3   -.39018240435898366    .23835899798475718
PARM2 tau:p4_3    .11044213821288786    .30618730019320889
PARM2 tau:M_3    1.1593238200754736   .071797620221291422
PARM2 tau:x1_3   .082710457792100914    .16326427383223374
PARM2 tau:x2_3   -.06735739299028877   .042430739169631387
PARM2 tau:cons_3    -5.617592204064235    2.7351045620705627
PARM2 tau:p1_4   .066576584633029567    .19386743886973876
PARM2 tau:p2_4    -.6930323706035566    .48903478141943008
PARM2 tau:p3_4    .18203845505378649    .22498635943292258
PARM2 tau:p4_4   .029777930419776805    .25720454203099374
PARM2 tau:M_4    .72354704544749704   .050328168249089443
PARM2 tau:x1_4  -.047048679305480443    .13163846248370714
PARM2 tau:x2_4    -.1071878841986106   .033324725496512726
PARM2 tau:cons_4   -3.2449768360684441    2.3933845352259646
PARM2 ELAS_INC:e_1     1.042140819317773                     0
PARM2 ELAS_INC:e_2     2.169903852844818                     0
PARM2 ELAS_INC:e_3    .83714594348665661                     0
PARM2 ELAS_INC:e_4    .64105474857867106                     0
PARM2 ELAS_UNCOMP:e_1_1   -1.2852767990217659                     0
PARM2 ELAS_UNCOMP:e_2_1   -.16815963513174209                     0
PARM2 ELAS_UNCOMP:e_3_1     .1200633093774235                     0
PARM2 ELAS_UNCOMP:e_4_1    .30924482005190279                     0
PARM2 ELAS_UNCOMP:e_1_2     -1.66696509553828                     0
PARM2 ELAS_UNCOMP:e_2_2    12.941056535435189                     0
PARM2 ELAS_UNCOMP:e_3_2     1.234346192269566                     0
PARM2 ELAS_UNCOMP:e_4_2    7.5219613610180884                     0
PARM2 ELAS_UNCOMP:e_1_3  -.058368533387439601                     0
PARM2 ELAS_UNCOMP:e_2_3   .056725403642041698                     0
PARM2 ELAS_UNCOMP:e_3_3   -.95132425212214566                     0
PARM2 ELAS_UNCOMP:e_4_3    .13044015678687959                     0
PARM2 ELAS_UNCOMP:e_1_4  -.019359851320328199                     0
PARM2 ELAS_UNCOMP:e_2_4     .4198809578817046                     0
PARM2 ELAS_UNCOMP:e_3_4    -.1044320366279759                     0
PARM2 ELAS_UNCOMP:e_4_4    -1.060895992909731                     0
PARM2 ELAS_COMP:e_1_1   -1.2102379615840519                     0
PARM2 ELAS_COMP:e_2_1     .1409324311418905                     0
PARM2 ELAS_COMP:e_3_1     .5157185098199919                     0
PARM2 ELAS_COMP:e_4_1    .57159953521576046                     0
PARM2 ELAS_COMP:e_1_2   -1.5107222352157319                     0
PARM2 ELAS_COMP:e_2_2    13.584635649752951                     0
PARM2 ELAS_COMP:e_3_2    2.0581635957567919                     0
PARM2 ELAS_COMP:e_4_2    8.0682258357353689                     0
PARM2 ELAS_COMP:e_1_3     .0019097487798982                     0
PARM2 ELAS_COMP:e_2_3    .30501734715719142                     0
PARM2 ELAS_COMP:e_3_3   -.63349662275558205                     0
PARM2 ELAS_COMP:e_4_3     .3411882452244851                     0
PARM2 ELAS_COMP:e_1_4     .0267989807449589                     0
PARM2 ELAS_COMP:e_2_4    .61001355144273506                     0
PARM2 ELAS_COMP:e_3_4    .13894835913235429                     0
PARM2 ELAS_COMP:e_4_4   -.89951306571770773                     0

. 
. display "LL2 " %21.17g e(ll)
LL2    7284.3182152959416

. 
. display "==================== RUN 3: method(ifgnls) ===================="
==================== RUN 3: method(ifgnls) ====================

. quaidsce_c sw1 sw2 sw4 sw9, anot(10) reps(1) prices(p1 p2 p4 p9)      ///
>     expenditure(total) demographics(x1 x2) nolog method(ifgnls)

Censored Quadratic AIDS model
--------------------
Number of obs          =       2000
Number of demographics =          2
Alpha_0                =         10
Log-likelihood         =  15126.665

------------------------------------------------------------------------------
             | Coefficient  Std. err.      z    P>|z|     [95% conf. interval]
-------------+----------------------------------------------------------------
alpha        |
     alpha_1 |   .0941717   .0162206     5.81   0.000     .0623799    .1259634
     alpha_2 |  -.3810132   .0266491   -14.30   0.000    -.4332444   -.3287819
     alpha_3 |   .9415211   .0247313    38.07   0.000     .8930487    .9899935
     alpha_4 |   .1565909   .0254047     6.16   0.000     .1067986    .2063833
-------------+----------------------------------------------------------------
beta         |
      beta_1 |   .0073015   .0057173     1.28   0.202    -.0039041    .0185072
      beta_2 |   -.151897   .0081287   -18.69   0.000    -.1678289    -.135965
      beta_3 |   .1173199   .0077059    15.22   0.000     .1022166    .1324232
      beta_4 |   .0161376   .0071064     2.27   0.023     .0022094    .0300659
-------------+----------------------------------------------------------------
gamma        |
   gamma_1_1 |   .0106134   .0016301     6.51   0.000     .0074185    .0138083
   gamma_2_1 |   -.005241   .0034519    -1.52   0.129    -.0120067    .0015247
   gamma_3_1 |  -.0137698   .0025296    -5.44   0.000    -.0187277   -.0088119
   gamma_4_1 |   .0083974   .0019036     4.41   0.000     .0046665    .0121284
   gamma_2_2 |   .1373404   .0104345    13.16   0.000     .1168892    .1577916
   gamma_3_2 |  -.1491781   .0081644   -18.27   0.000    -.1651801   -.1331761
   gamma_4_2 |   .0170787   .0059783     2.86   0.004     .0053614     .028796
   gamma_3_3 |   .0996018   .0082766    12.03   0.000     .0833799    .1158237
   gamma_4_3 |   .0633461   .0052788    12.00   0.000     .0529997    .0736924
   gamma_4_4 |  -.0888222   .0073473   -12.09   0.000    -.1032228   -.0744217
-------------+----------------------------------------------------------------
lambda       |
    lambda_1 |  -.0005449   .0004882    -1.12   0.264    -.0015018    .0004119
    lambda_2 |  -.0036895   .0005607    -6.58   0.000    -.0047885   -.0025905
    lambda_3 |    .000691   .0005874     1.18   0.239    -.0004602    .0018423
    lambda_4 |   .0017078   .0004932     3.46   0.001      .000741    .0026745
-------------+----------------------------------------------------------------
delta        |
     delta_1 |    .140143   .0034258    40.91   0.000     .1334285    .1468575
     delta_2 |   .5585132   .0067481    82.77   0.000     .5452871    .5717392
     delta_3 |   .2656582   .0053672    49.50   0.000     .2551388    .2761776
     delta_4 |   .2828895   .0067703    41.78   0.000     .2696199     .296159
-------------+----------------------------------------------------------------
eta          |
    eta_x1_1 |   .0004593   .0002532     1.81   0.070    -.0000369    .0009555
    eta_x1_2 |  -.0014469    .000308    -4.70   0.000    -.0020506   -.0008433
    eta_x1_3 |    .003516    .000577     6.09   0.000     .0023852    .0046469
    eta_x1_4 |  -.0025284   .0007227    -3.50   0.000    -.0039448   -.0011119
    eta_x2_1 |  -.0003239   .0000592    -5.47   0.000    -.0004399   -.0002079
    eta_x2_2 |  -.0005107   .0000577    -8.85   0.000    -.0006238   -.0003976
    eta_x2_3 |   .0013908   .0001169    11.89   0.000     .0011616      .00162
    eta_x2_4 |  -.0005562   .0001289    -4.32   0.000    -.0008088   -.0003036
-------------+----------------------------------------------------------------
rho          |
      rho_x1 |  -.2624201   .0110051   -23.85   0.000    -.2839897   -.2408506
      rho_x2 |   .0229558   .0043618     5.26   0.000     .0144068    .0315048
-------------+----------------------------------------------------------------
tau          |
        p1_1 |  -.2026921    .137397    -1.48   0.140    -.4719854    .0666011
        p2_1 |   .3072494   .3504958     0.88   0.381    -.3797097    .9942086
        p3_1 |   .0333709   .1561473     0.21   0.831    -.2726722    .3394139
        p4_1 |   .2150447   .1806053     1.19   0.234    -.1389352    .5690247
         M_1 |   .6874319   .0417161    16.48   0.000     .6056698     .769194
        x1_1 |    .279311   .1045187     2.67   0.008     .0744581    .4841639
        x2_1 |  -.0371504   .0232992    -1.59   0.111    -.0828161    .0085153
      cons_1 |  -9.526901   1.781695    -5.35   0.000    -13.01896   -6.034843
        p1_2 |   .1530815   .2753861     0.56   0.578    -.3866654    .6928285
        p2_2 |   -1.30008   .6014264    -2.16   0.031    -2.478855   -.1213062
        p3_2 |  -.1683618   .2769691    -0.61   0.543    -.7112113    .3744876
        p4_2 |  -.4873421   .3339511    -1.46   0.144    -1.141874    .1671902
         M_2 |   .3389499    .058691     5.78   0.000     .2239176    .4539821
        x1_2 |   .0615603   .1969365     0.31   0.755     -.324428    .4475487
        x2_2 |   .0326039   .0494729     0.66   0.510    -.0643612    .1295689
      cons_2 |   11.04144   2.753547     4.01   0.000     5.644586    16.43829
        p1_3 |   .1771789    .226627     0.78   0.434    -.2670019    .6213597
        p2_3 |  -.5480431   .5719039    -0.96   0.338    -1.668954     .572868
        p3_3 |  -.3901824    .238359    -1.64   0.102    -.8573575    .0769926
        p4_3 |   .1104421   .3061873     0.36   0.718    -.4896739    .7105582
         M_3 |   1.159324   .0717976    16.15   0.000     1.018603    1.300045
        x1_3 |   .0827105   .1632643     0.51   0.612    -.2372816    .4027026
        x2_3 |  -.0673574   .0424307    -1.59   0.112    -.1505201    .0158053
      cons_3 |  -5.617592   2.735105    -2.05   0.040     -10.9783   -.2568858
        p1_4 |   .0665766   .1938674     0.34   0.731    -.3133966    .4465498
        p2_4 |  -.6930324   .4890348    -1.42   0.156    -1.651523    .2654582
        p3_4 |   .1820385   .2249864     0.81   0.418    -.2589267    .6230036
        p4_4 |   .0297779   .2572045     0.12   0.908    -.4743337    .5338896
         M_4 |    .723547   .0503282    14.38   0.000     .6249056    .8221884
        x1_4 |  -.0470487   .1316385    -0.36   0.721    -.3050553     .210958
        x2_4 |  -.1071879   .0333247    -3.22   0.001    -.1725031   -.0418726
      cons_4 |  -3.244977   2.393385    -1.36   0.175    -7.935924    1.445971
-------------+----------------------------------------------------------------
ELAS_INC     |
         e_1 |   1.051472          .        .       .            .           .
         e_2 |   .7018671          .        .       .            .           .
         e_3 |    1.35665          .        .       .            .           .
         e_4 |   .9844367          .        .       .            .           .
-------------+----------------------------------------------------------------
ELAS_UNCOMP  |
       e_1_1 |  -.9145152          .        .       .            .           .
       e_2_1 |  -.0303553          .        .       .            .           .
       e_3_1 |   -.183439          .        .       .            .           .
       e_4_1 |   .0304049          .        .       .            .           .
       e_1_2 |  -.0144233          .        .       .            .           .
       e_2_2 |  -.6571851          .        .       .            .           .
       e_3_2 |  -.0220064          .        .       .            .           .
       e_4_2 |   .1743353          .        .       .            .           .
       e_1_3 |  -.0325733          .        .       .            .           .
       e_2_3 |  -.2434653          .        .       .            .           .
       e_3_3 |  -1.073892          .        .       .            .           .
       e_4_3 |   .0888495          .        .       .            .           .
       e_1_4 |   .0242565          .        .       .            .           .
       e_2_4 |   .0690556          .        .       .            .           .
       e_3_4 |   .1783093          .        .       .            .           .
       e_4_4 |  -1.258027          .        .       .            .           .
-------------+----------------------------------------------------------------
ELAS_COMP    |
       e_1_1 |  -.8388045          .        .       .            .           .
       e_2_1 |   .2815044          .        .       .            .           .
       e_3_1 |   .2157589          .        .       .            .           .
       e_4_1 |   .2951087          .        .       .            .           .
       e_1_2 |   .0361143          .        .       .            .           .
       e_2_2 |   -.449016          .        .       .            .           .
       e_3_2 |   .2444618          .        .       .            .           .
       e_4_2 |   .3510275          .        .       .            .           .
       e_1_3 |   .0651117          .        .       .            .           .
       e_2_3 |   .1589082          .        .       .            .           .
       e_3_3 |  -.5588311          .        .       .            .           .
       e_4_3 |   .4303807          .        .       .            .           .
       e_1_4 |   .0951404          .        .       .            .           .
       e_2_4 |    .361033          .        .       .            .           .
       e_3_4 |   .5520568          .        .       .            .           .
       e_4_4 |  -1.010199          .        .       .            .           .
------------------------------------------------------------------------------

. 
. mat bb = e(b)

. mat VV = e(V)

. local nm : colfullnames bb

. mata: ///
>     b = st_matrix("bb"); v = st_matrix("VV"); nmv = tokens(st_local("nm")); ///
>     for (i=1; i<=cols(b); i++) ///
>         printf("PARM3 %s %21.17g %21.17g\n", nmv[i], b[i], sqrt(v[i,i]))
PARM3 alpha:alpha_1     .0941716871876732   .016220578492963142
PARM3 alpha:alpha_2   -.38101315222637766   .026649074146161279
PARM3 alpha:alpha_3    .94152107523989592    .02473126809194694
PARM3 alpha:alpha_4    .15659092233190167   .025404720226170983
PARM3 beta:beta_1  .0073015385228008076  .0057172863433834929
PARM3 beta:beta_2    -.1518969758806144  .0081287007825048743
PARM3 beta:beta_3    .11731988902857067  .0077058989777829571
PARM3 beta:beta_4   .016137614247355835  .0071063741542402113
PARM3 gamma:gamma_1_1   .010613396676650001  .0016300718918896022
PARM3 gamma:gamma_2_1 -.0052410348012328885  .0034519435621249684
PARM3 gamma:gamma_3_1  -.013769794229654716  .0025296076940604603
PARM3 gamma:gamma_4_1  .0083974323542376043  .0019035882393013475
PARM3 gamma:gamma_2_2    .13734041777057593   .010434471405034723
PARM3 gamma:gamma_3_2   -.14917810617309721  .0081644481372328808
PARM3 gamma:gamma_4_2    .01707872320375417  .0059783153686728055
PARM3 gamma:gamma_3_3   .099601812706406237  .0082766388899542572
PARM3 gamma:gamma_4_3   .063346087696345685  .0052788463311448696
PARM3 gamma:gamma_4_4  -.088822243254337463  .0073473467904247979
PARM3 lambda:lambda_1 -.0005449466159425301  .0004881879860852285
PARM3 lambda:lambda_2 -.0036894746536474325  .0005607351753634397
PARM3 lambda:lambda_3  .0006910482944597009  .0005873692000423444
PARM3 lambda:lambda_4  .0017077832593343223  .0004932435443913809
PARM3 delta:delta_1    .14014297084071095  .0034258336506481349
PARM3 delta:delta_2    .55851316619432667  .0067480986262706977
PARM3 delta:delta_3    .26565821980589754  .0053671524204740358
PARM3 delta:delta_4    .28288947388834018  .0067703158294558294
PARM3 eta:eta_x1_1  .0004592643789234668  .0002531654388499774
PARM3 eta:eta_x1_2 -.0014469371298655896  .0003079902255478646
PARM3 eta:eta_x1_3  .0035160391350544011  .0005769627469075922
PARM3 eta:eta_x1_4 -.0025283663841122782  .0007226748642001695
PARM3 eta:eta_x2_1 -.0003238716041434731  .0000591821954175542
PARM3 eta:eta_x2_2 -.0005107413219540631  .0000577072128175431
PARM3 eta:eta_x2_3  .0013908355143560848  .0001169477443521307
PARM3 eta:eta_x2_4 -.0005562225882585485  .0001288789381804675
PARM3 rho:rho_x1     -.262420148843242   .011005094397242308
PARM3 rho:rho_x2   .022955797484697494  .0043618073227294852
PARM3 tau:p1_1   -.20269212976810153     .1373970276120775
PARM3 tau:p2_1    .30724942531031352    .35049579315176665
PARM3 tau:p3_1   .033370879070798394    .15614729086738069
PARM3 tau:p4_1    .21504471699023095    .18060533651415692
PARM3 tau:M_1    .68743189931530879   .041716108137561728
PARM3 tau:x1_1    .27931101736277703    .10451871928042578
PARM3 tau:x2_1  -.037150386758411855   .023299241922866362
PARM3 tau:cons_1   -9.5269008848929069    1.7816950629474559
PARM3 tau:p1_2    .15308153208207559    .27538614418625046
PARM3 tau:p2_2   -1.3000804022974681    .60142644279462032
PARM3 tau:p3_2   -.16836184659301531     .2769690965509739
PARM3 tau:p4_2   -.48734205997117269    .33395114337814524
PARM3 tau:M_2    .33894987430803375   .058691011450307834
PARM3 tau:x1_2   .061560348139141401    .19693646206791759
PARM3 tau:x2_2   .032603865401429052   .049472880012081666
PARM3 tau:cons_2    11.041438132590223    2.7535465815272819
PARM3 tau:p1_3    .17717891837184704    .22662701750769396
PARM3 tau:p2_3    -.5480431181688753    .57190394222366436
PARM3 tau:p3_3   -.39018240435898366    .23835899798475718
PARM3 tau:p4_3    .11044213821288786    .30618730019320889
PARM3 tau:M_3    1.1593238200754736   .071797620221291422
PARM3 tau:x1_3   .082710457792100914    .16326427383223374
PARM3 tau:x2_3   -.06735739299028877   .042430739169631387
PARM3 tau:cons_3    -5.617592204064235    2.7351045620705627
PARM3 tau:p1_4   .066576584633029567    .19386743886973876
PARM3 tau:p2_4    -.6930323706035566    .48903478141943008
PARM3 tau:p3_4    .18203845505378649    .22498635943292258
PARM3 tau:p4_4   .029777930419776805    .25720454203099374
PARM3 tau:M_4    .72354704544749704   .050328168249089443
PARM3 tau:x1_4  -.047048679305480443    .13163846248370714
PARM3 tau:x2_4    -.1071878841986106   .033324725496512726
PARM3 tau:cons_4   -3.2449768360684441    2.3933845352259646
PARM3 ELAS_INC:e_1     1.051472211685522                     0
PARM3 ELAS_INC:e_2    .70186714960949881                     0
PARM3 ELAS_INC:e_3    1.3566502854257889                     0
PARM3 ELAS_INC:e_4    .98443671346915462                     0
PARM3 ELAS_UNCOMP:e_1_1   -.91451524829539066                     0
PARM3 ELAS_UNCOMP:e_2_1    -.0303553259016912                     0
PARM3 ELAS_UNCOMP:e_3_1   -.18343903681837359                     0
PARM3 ELAS_UNCOMP:e_4_1   .030404871000409402                     0
PARM3 ELAS_UNCOMP:e_1_2    -.0144232722646063                     0
PARM3 ELAS_UNCOMP:e_2_2   -.65718513067017237                     0
PARM3 ELAS_UNCOMP:e_3_2  -.022006397497742001                     0
PARM3 ELAS_UNCOMP:e_4_2     .1743353036827425                     0
PARM3 ELAS_UNCOMP:e_1_3  -.032573255591307797                     0
PARM3 ELAS_UNCOMP:e_2_3   -.24346526752667111                     0
PARM3 ELAS_UNCOMP:e_3_3    -1.073891811982886                     0
PARM3 ELAS_UNCOMP:e_4_3   .088849472330492202                     0
PARM3 ELAS_UNCOMP:e_1_4     .0242565185548641                     0
PARM3 ELAS_UNCOMP:e_2_4   .069055569512994394                     0
PARM3 ELAS_UNCOMP:e_3_4    .17830934233894599                     0
PARM3 ELAS_UNCOMP:e_4_4   -1.2580267460476251                     0
PARM3 ELAS_COMP:e_1_1   -.83880450853701916                     0
PARM3 ELAS_COMP:e_2_1    .28150436955860508                     0
PARM3 ELAS_COMP:e_3_1    .21575888438633409                     0
PARM3 ELAS_COMP:e_4_1    .29510872626255591                     0
PARM3 ELAS_COMP:e_1_2   .036114326844981698                     0
PARM3 ELAS_COMP:e_2_2   -.44901598164441658                     0
PARM3 ELAS_COMP:e_3_2     .2444618020154411                     0
PARM3 ELAS_COMP:e_4_2    .35102750564371438                     0
PARM3 ELAS_COMP:e_1_3   .065111681358516305                     0
PARM3 ELAS_COMP:e_2_3     .1589082238096346                     0
PARM3 ELAS_COMP:e_3_3   -.55883114968007319                     0
PARM3 ELAS_COMP:e_4_3    .43038066716733858                     0
PARM3 ELAS_COMP:e_1_4   .095140400215011203                     0
PARM3 ELAS_COMP:e_2_4    .36103298009077012                     0
PARM3 ELAS_COMP:e_3_4      .552056822497762                     0
PARM3 ELAS_COMP:e_4_4   -1.0101988049752091                     0

. 
. display "LL3 " %21.17g e(ll)
LL3    15126.665279082408

. 
. display "==================== RUN 4: noquadratic (AIDS) ===================="
==================== RUN 4: noquadratic (AIDS) ====================

. * NOTE: if this run errors out, that is expected and useful information --
. * please leave the error in the log and carry on.
. capture noisily quaidsce_c sw1 sw2 sw4 sw9, anot(10) reps(1)           ///
>     prices(p1 p2 p4 p9) expenditure(total) demographics(x1 x2) nolog noquadratic

Censored Quadratic AIDS model
--------------------
Number of obs          =       2000
Number of demographics =          2
Alpha_0                =         10
Log-likelihood         =  11794.717

------------------------------------------------------------------------------
             | Coefficient  Std. err.      z    P>|z|     [95% conf. interval]
-------------+----------------------------------------------------------------
alpha        |
     alpha_1 |   .0917428   .0302955     3.03   0.002     .0323647    .1511209
     alpha_2 |  -.8647881    .077804   -11.11   0.000    -1.017281   -.7122952
     alpha_3 |   1.376698   .0811714    16.96   0.000     1.217605    1.535791
     alpha_4 |   .3060089   .0483405     6.33   0.000     .2112632    .4007546
-------------+----------------------------------------------------------------
beta         |
      beta_1 |   .0078177   .0047629     1.64   0.101    -.0015174    .0171529
      beta_2 |  -.1589537   .0062815   -25.30   0.000    -.1712653   -.1466422
      beta_3 |   .1474756   .0079379    18.58   0.000     .1319177    .1630335
      beta_4 |   .0025925   .0074608     0.35   0.728    -.0120305    .0172154
-------------+----------------------------------------------------------------
gamma        |
   gamma_1_1 |     -.0304   .0120467    -2.52   0.012    -.0540112   -.0067889
   gamma_2_1 |  -.0223816   .0175668    -1.27   0.203     -.056812    .0120487
   gamma_3_1 |   .0177487    .013538     1.31   0.190    -.0087852    .0442827
   gamma_4_1 |   .0350329   .0125979     2.78   0.005     .0103414    .0597244
   gamma_2_2 |   .3338764   .0453262     7.37   0.000     .2450386    .4227142
   gamma_3_2 |  -.2386908    .031595    -7.55   0.000    -.3006159   -.1767657
   gamma_4_2 |  -.0728039   .0271474    -2.68   0.007    -.1260119    -.019596
   gamma_3_3 |   .1429824   .0353282     4.05   0.000     .0737404    .2122245
   gamma_4_3 |   .0779596    .021796     3.58   0.000     .0352403    .1206789
   gamma_4_4 |  -.0401886   .0267807    -1.50   0.133    -.0926777    .0123005
-------------+----------------------------------------------------------------
delta        |
     delta_1 |   .1112578   .0267824     4.15   0.000     .0587653    .1637504
     delta_2 |   .4534173   .1098206     4.13   0.000      .238173    .6686617
     delta_3 |   .3158663    .057937     5.45   0.000     .2023119    .4294207
     delta_4 |     .05567   .0867317     0.64   0.521     -.114321     .225661
-------------+----------------------------------------------------------------
eta          |
    eta_x1_1 |  -.0021169   .0011934    -1.77   0.076     -.004456    .0002222
    eta_x1_2 |  -.0060978    .004479    -1.36   0.173    -.0148765    .0026809
    eta_x1_3 |   .0060401   .0042529     1.42   0.156    -.0022955    .0143757
    eta_x1_4 |   .0021747   .0021257     1.02   0.306    -.0019917     .006341
    eta_x2_1 |  -.0005019   .0002394    -2.10   0.036     -.000971   -.0000327
    eta_x2_2 |  -.0001406   .0008037    -0.17   0.861    -.0017159    .0014347
    eta_x2_3 |   -.002135   .0006829    -3.13   0.002    -.0034735   -.0007966
    eta_x2_4 |   .0027775   .0004667     5.95   0.000     .0018627    .0036922
-------------+----------------------------------------------------------------
rho          |
      rho_x1 |  -1.072734   .4783372    -2.24   0.025    -2.010258   -.1352104
      rho_x2 |     1.0792   .5528157     1.95   0.051    -.0042985    2.162699
-------------+----------------------------------------------------------------
tau          |
        p1_1 |  -.2026921    .137397    -1.48   0.140    -.4719854    .0666011
        p2_1 |   .3072494   .3504958     0.88   0.381    -.3797097    .9942086
        p3_1 |   .0333709   .1561473     0.21   0.831    -.2726722    .3394139
        p4_1 |   .2150447   .1806053     1.19   0.234    -.1389352    .5690247
         M_1 |   .6874319   .0417161    16.48   0.000     .6056698     .769194
        x1_1 |    .279311   .1045187     2.67   0.008     .0744581    .4841639
        x2_1 |  -.0371504   .0232992    -1.59   0.111    -.0828161    .0085153
      cons_1 |  -9.526901   1.781695    -5.35   0.000    -13.01896   -6.034843
        p1_2 |   .1530815   .2753861     0.56   0.578    -.3866654    .6928285
        p2_2 |   -1.30008   .6014264    -2.16   0.031    -2.478855   -.1213062
        p3_2 |  -.1683618   .2769691    -0.61   0.543    -.7112113    .3744876
        p4_2 |  -.4873421   .3339511    -1.46   0.144    -1.141874    .1671902
         M_2 |   .3389499    .058691     5.78   0.000     .2239176    .4539821
        x1_2 |   .0615603   .1969365     0.31   0.755     -.324428    .4475487
        x2_2 |   .0326039   .0494729     0.66   0.510    -.0643612    .1295689
      cons_2 |   11.04144   2.753547     4.01   0.000     5.644586    16.43829
        p1_3 |   .1771789    .226627     0.78   0.434    -.2670019    .6213597
        p2_3 |  -.5480431   .5719039    -0.96   0.338    -1.668954     .572868
        p3_3 |  -.3901824    .238359    -1.64   0.102    -.8573575    .0769926
        p4_3 |   .1104421   .3061873     0.36   0.718    -.4896739    .7105582
         M_3 |   1.159324   .0717976    16.15   0.000     1.018603    1.300045
        x1_3 |   .0827105   .1632643     0.51   0.612    -.2372816    .4027026
        x2_3 |  -.0673574   .0424307    -1.59   0.112    -.1505201    .0158053
      cons_3 |  -5.617592   2.735105    -2.05   0.040     -10.9783   -.2568858
        p1_4 |   .0665766   .1938674     0.34   0.731    -.3133966    .4465498
        p2_4 |  -.6930324   .4890348    -1.42   0.156    -1.651523    .2654582
        p3_4 |   .1820385   .2249864     0.81   0.418    -.2589267    .6230036
        p4_4 |   .0297779   .2572045     0.12   0.908    -.4743337    .5338896
         M_4 |    .723547   .0503282    14.38   0.000     .6249056    .8221884
        x1_4 |  -.0470487   .1316385    -0.36   0.721    -.3050553     .210958
        x2_4 |  -.1071879   .0333247    -3.22   0.001    -.1725031   -.0418726
      cons_4 |  -3.244977   2.393385    -1.36   0.175    -7.935924    1.445971
-------------+----------------------------------------------------------------
ELAS_INC     |
         e_1 |   .4017729          .        .       .            .           .
         e_2 |   .2800316          .        .       .            .           .
         e_3 |   .2830232          .        .       .            .           .
         e_4 |   .2415595          .        .       .            .           .
-------------+----------------------------------------------------------------
ELAS_UNCOMP  |
       e_1_1 |  -1.257886          .        .       .            .           .
       e_2_1 |   -.133716          .        .       .            .           .
       e_3_1 |   .0731567          .        .       .            .           .
       e_4_1 |   .2723188          .        .       .            .           .
       e_1_2 |  -.0312163          .        .       .            .           .
       e_2_2 |  -.4770052          .        .       .            .           .
       e_3_2 |   .0045882          .        .       .            .           .
       e_4_2 |    .018937          .        .       .            .           .
       e_1_3 |   .0194426          .        .       .            .           .
       e_2_3 |  -.2288889          .        .       .            .           .
       e_3_3 |  -1.157055          .        .       .            .           .
       e_4_3 |   .0581406          .        .       .            .           .
       e_1_4 |    .142011          .        .       .            .           .
       e_2_4 |  -.3955983          .        .       .            .           .
       e_3_4 |   .2734482          .        .       .            .           .
       e_4_4 |  -1.157114          .        .       .            .           .
-------------+----------------------------------------------------------------
ELAS_COMP    |
       e_1_1 |  -1.228957          .        .       .            .           .
       e_2_1 |  -.0145529          .        .       .            .           .
       e_3_1 |   .2256923          .        .       .            .           .
       e_4_1 |   .3734635          .        .       .            .           .
       e_1_2 |  -.0110528          .        .       .            .           .
       e_2_2 |  -.3939497          .        .       .            .           .
       e_3_2 |    .110904          .        .       .            .           .
       e_4_2 |   .0894338          .        .       .            .           .
       e_1_3 |   .0398215          .        .       .            .           .
       e_2_3 |  -.1449461          .        .       .            .           .
       e_3_3 |  -1.049604          .        .       .            .           .
       e_4_3 |   .1293906          .        .       .            .           .
       e_1_4 |   .1594044          .        .       .            .           .
       e_2_4 |  -.3239534          .        .       .            .           .
       e_3_4 |   .3651578          .        .       .            .           .
       e_4_4 |  -1.096302          .        .       .            .           .
------------------------------------------------------------------------------

. if _rc == 0 {
.     mat bb = e(b)
.     local nm : colfullnames bb
.     mata: ///
>         b = st_matrix("bb"); nmv = tokens(st_local("nm")); ///
>         for (i=1; i<=cols(b); i++) printf("PARM4 %s %21.17g\n", nmv[i], b[i])
PARM4 alpha:alpha_1   .091742793388829569
PARM4 alpha:alpha_2   -.86478811374144227
PARM4 alpha:alpha_3    1.3766978114943136
PARM4 alpha:alpha_4    .30600888676736021
PARM4 beta:beta_1  .0078177184479584008
PARM4 beta:beta_2   -.15895371353273111
PARM4 beta:beta_3    .14747562718536827
PARM4 beta:beta_4  .0025924540197901349
PARM4 gamma:gamma_1_1  -.030400033924117567
PARM4 gamma:gamma_2_1  -.022381633479431482
PARM4 gamma:gamma_3_1   .017748740275482993
PARM4 gamma:gamma_4_1   .035032927128066049
PARM4 gamma:gamma_2_2    .33387637873040232
PARM4 gamma:gamma_3_2   -.23869080070732629
PARM4 gamma:gamma_4_2  -.072803944543644528
PARM4 gamma:gamma_3_3     .1429824407116761
PARM4 gamma:gamma_4_3   .077959619720167211
PARM4 gamma:gamma_4_4  -.040188602304588733
PARM4 delta:delta_1     .1112578287405115
PARM4 delta:delta_2     .4534173494380882
PARM4 delta:delta_3    .31586627510783849
PARM4 delta:delta_4   .055669992352578128
PARM4 eta:eta_x1_1 -.0021169419240171334
PARM4 eta:eta_x1_2 -.0060978108196781599
PARM4 eta:eta_x1_3  .0060401019867368008
PARM4 eta:eta_x1_4  .0021746507569584926
PARM4 eta:eta_x2_1 -.0005018562462683346
PARM4 eta:eta_x2_2 -.0001405776563202911
PARM4 eta:eta_x2_3 -.0021350427760072187
PARM4 eta:eta_x2_4  .0027774766785958445
PARM4 rho:rho_x1   -1.0727341323555888
PARM4 rho:rho_x2    1.0792003543156794
PARM4 tau:p1_1   -.20269212976810153
PARM4 tau:p2_1    .30724942531031352
PARM4 tau:p3_1   .033370879070798394
PARM4 tau:p4_1    .21504471699023095
PARM4 tau:M_1    .68743189931530879
PARM4 tau:x1_1    .27931101736277703
PARM4 tau:x2_1  -.037150386758411855
PARM4 tau:cons_1   -9.5269008848929069
PARM4 tau:p1_2    .15308153208207559
PARM4 tau:p2_2   -1.3000804022974681
PARM4 tau:p3_2   -.16836184659301531
PARM4 tau:p4_2   -.48734205997117269
PARM4 tau:M_2    .33894987430803375
PARM4 tau:x1_2   .061560348139141401
PARM4 tau:x2_2   .032603865401429052
PARM4 tau:cons_2    11.041438132590223
PARM4 tau:p1_3    .17717891837184704
PARM4 tau:p2_3    -.5480431181688753
PARM4 tau:p3_3   -.39018240435898366
PARM4 tau:p4_3    .11044213821288786
PARM4 tau:M_3    1.1593238200754736
PARM4 tau:x1_3   .082710457792100914
PARM4 tau:x2_3   -.06735739299028877
PARM4 tau:cons_3    -5.617592204064235
PARM4 tau:p1_4   .066576584633029567
PARM4 tau:p2_4    -.6930323706035566
PARM4 tau:p3_4    .18203845505378649
PARM4 tau:p4_4   .029777930419776805
PARM4 tau:M_4    .72354704544749704
PARM4 tau:x1_4  -.047048679305480443
PARM4 tau:x2_4    -.1071878841986106
PARM4 tau:cons_4   -3.2449768360684441
PARM4 ELAS_INC:e_1    .40177291769824253
PARM4 ELAS_INC:e_2    .28003161259260212
PARM4 ELAS_INC:e_3    .28302319013428678
PARM4 ELAS_INC:e_4    .24155946323934399
PARM4 ELAS_UNCOMP:e_1_1   -1.2578863676520879
PARM4 ELAS_UNCOMP:e_2_1   -.13371604164575701
PARM4 ELAS_UNCOMP:e_3_1   .073156716252112203
PARM4 ELAS_UNCOMP:e_4_1    .27231881488917697
PARM4 ELAS_UNCOMP:e_1_2  -.031216317961774799
PARM4 ELAS_UNCOMP:e_2_2   -.47700524408190009
PARM4 ELAS_UNCOMP:e_3_2  .0045882236608365996
PARM4 ELAS_UNCOMP:e_4_2   .018937015703755701
PARM4 ELAS_UNCOMP:e_1_3      .019442565203947
PARM4 ELAS_UNCOMP:e_2_3   -.22888891200083589
PARM4 ELAS_UNCOMP:e_3_3   -1.1570551967454119
PARM4 ELAS_UNCOMP:e_4_3   .058140629541805301
PARM4 ELAS_UNCOMP:e_1_4    .14201102737244939
PARM4 ELAS_UNCOMP:e_2_4   -.39559831240390242
PARM4 ELAS_UNCOMP:e_3_4    .27344823081597552
PARM4 ELAS_UNCOMP:e_4_4     -1.15711397740543
PARM4 ELAS_COMP:e_1_1   -1.2289569062019829
PARM4 ELAS_COMP:e_2_1  -.014552854673163199
PARM4 ELAS_COMP:e_3_1    .22569228662575669
PARM4 ELAS_COMP:e_4_1    .37346351379107601
PARM4 ELAS_COMP:e_1_2    -.0110527793446871
PARM4 ELAS_COMP:e_2_2   -.39394972207015561
PARM4 ELAS_COMP:e_3_2    .11090395542836599
PARM4 ELAS_COMP:e_4_2   .089433835899996303
PARM4 ELAS_COMP:e_1_3      .039821510891434
PARM4 ELAS_COMP:e_2_3   -.14494610789953419
PARM4 ELAS_COMP:e_3_3   -1.0496036940820941
PARM4 ELAS_COMP:e_4_3    .12939056722398509
PARM4 ELAS_COMP:e_1_4     .1594043977860802
PARM4 ELAS_COMP:e_2_4   -.32395337513959249
PARM4 ELAS_COMP:e_3_4    .36515777339902927
PARM4 ELAS_COMP:e_4_4   -1.0963023644270811
.     display "LL4 " %21.17g e(ll)
LL4    11794.716746143717
. }

. 
. display "==================== RUN 5: nocensor (= Poi's quaids) ============"
==================== RUN 5: nocensor (= Poi's quaids) ============

. quaidsce_c sw1 sw2 sw4 sw9, anot(10) reps(1) prices(p1 p2 p4 p9)      ///
>     expenditure(total) demographics(x1 x2) nolog nocensor
unknown function *()
r(133);

end of do-file

r(133);

. do "C:\Users\ADMINI~1\AppData\Local\Temp\2\STD1558_000004.tmp"

. log close
      name:  <unnamed>
       log:  C:\Users\Administrator\small4.log
  log type:  text
 closed on:  26 Jul 2026, 18:13:48
--------------------------------------------------------------------------------------------------------------------------------------------------------------------------------------------------------
