PYQUAIDSCE CONTROLLED RUNTIME BENCHMARK
Python: 3.14.5
Platform: Windows-2022Server-10.0.20348-SP0
Processor: Intel64 Family 6 Model 85 Stepping 6, GenuineIntel
N: 20000
Zero counts: {'w1': 1569, 'w2': 3206, 'w3': 4961, 'w4': 2178}
Specification: censored QUAIDS, IFGNLS, 4 goods, 3 demographics
Starting values: zero/default; no user-supplied initial vector
Bootstrap: disabled
first_stage_predict='pr' and strict_stata=True for Stata v2.0 compatibility

--- estimation starts here ---
Estimating first-stage probits...
Calculating NLS estimates...
Calculating FGNLS estimates...
FGNLS iteration 3...
FGNLS iteration 4...
FGNLS iteration 5...
FGNLS iteration 6...
FGNLS iteration 7...
FGNLS iteration 8...
FGNLS iteration 9...
FGNLS iteration 10...
FGNLS iteration 11...
FGNLS iteration 12...
FGNLS iteration 13...
FGNLS iteration 14...
FGNLS iteration 15...
FGNLS iteration 16...
FGNLS iteration 17...
FGNLS iteration 18...
FGNLS iteration 19...
FGNLS iteration 20...
FGNLS iteration 21...
FGNLS iteration 22...
FGNLS iteration 23...
FGNLS iteration 24...
FGNLS iteration 25...
FGNLS iteration 26...
FGNLS iteration 27...
FGNLS iteration 28...
--- estimation ends here ---
BENCHRUNTIME 26.032761984970421
BENCHLL 217406.97172883782
CONVERGED 1
OUTER_ITERATIONS 28
GN_STEPS 147
