----------------------------------------------------------------------------------------------------------------------------------------------------------------------------------------------------------------------------
      name:  <unnamed>
       log:  C:\Users\Administrator\stata_benchmark.log
  log type:  text
 opened on:  13 Aug 2026, 08:06:18

. 
. use "benchmark_cquaids_4g_20k.dta", clear
(pyquaidsce controlled CQUAIDS benchmark)

. 
. display "STATA CONTROLLED RUNTIME BENCHMARK"
STATA CONTROLLED RUNTIME BENCHMARK

. display "Stata version: " c(stata_version)
Stata version: 19.5

. display "OS: " c(os)
OS: Windows

. display "Machine type: " c(machine_type)
Machine type: PC (64-bit x86-64)

. display "Processors available to Stata: " c(processors)
Processors available to Stata: 2

. display "N: " _N
N: 20000

. foreach v in w1 w2 w3 w4 {
  2.     quietly count if `v' == 0
  3.     display "ZEROS `v' " r(N)
  4. }
ZEROS w1 1569
ZEROS w2 3206
ZEROS w3 4961
ZEROS w4 2178

. display "Specification: censored QUAIDS, IFGNLS, 4 goods, 3 demographics"
Specification: censored QUAIDS, IFGNLS, 4 goods, 3 demographics

. display "Starting values: default; no initial() option supplied"
Starting values: default; no initial() option supplied

. display "Bootstrap: disabled; quaidsce_c is the point-estimation core"
Bootstrap: disabled; quaidsce_c is the point-estimation core

. 
. * Time ONLY the point-estimation call, matching the Python timer boundaries.
. timer clear 1

. timer on 1

. capture noisily quaidsce_c w1 w2 w3 w4, anot(10) reps(1)              ///
>     prices(p1 p2 p3 p4) expenditure(total) demographics(z1 z2 z3)      ///
>     method(ifgnls) nolog

Censored Quadratic AIDS model
--------------------
Number of obs          =      20000
Number of demographics =          3
Alpha_0                =         10
Log-likelihood         =  217406.98

------------------------------------------------------------------------------
             | Coefficient  Std. err.      z    P>|z|     [95% conf. interval]
-------------+----------------------------------------------------------------
alpha        |
     alpha_1 |   .2090985   .0024597    85.01   0.000     .2042775    .2139195
     alpha_2 |   .2221216   .0017165   129.40   0.000     .2187573    .2254859
     alpha_3 |   .2239357   .0016725   133.89   0.000     .2206577    .2272138
     alpha_4 |   .2382968   .0015496   153.78   0.000     .2352597    .2413339
-------------+----------------------------------------------------------------
beta         |
      beta_1 |  -.0308726   .0008471   -36.45   0.000    -.0325329   -.0292124
      beta_2 |    .010653   .0006359    16.75   0.000     .0094066    .0118994
      beta_3 |   .0224917   .0005723    39.30   0.000     .0213699    .0236134
      beta_4 |  -.0005547   .0005316    -1.04   0.297    -.0015967    .0004873
-------------+----------------------------------------------------------------
gamma        |
   gamma_1_1 |   .0087069    .000119    73.16   0.000     .0084737    .0089402
   gamma_2_1 |  -.0076076   .0001094   -69.56   0.000     -.007822   -.0073933
   gamma_3_1 |  -.0015158   .0000609   -24.88   0.000    -.0016352   -.0013964
   gamma_4_1 |   .0004165    .000088     4.73   0.000      .000244    .0005891
   gamma_2_2 |   .0127458   .0001088   117.19   0.000     .0125326     .012959
   gamma_3_2 |  -.0069802   .0000588  -118.81   0.000    -.0070954   -.0068651
   gamma_4_2 |   .0018421   .0000973    18.93   0.000     .0016513    .0020328
   gamma_3_3 |   .0141013   .0000725   194.52   0.000     .0139592    .0142434
   gamma_4_3 |  -.0056052   .0000459  -121.99   0.000    -.0056953   -.0055152
   gamma_4_4 |   .0033466    .000136    24.60   0.000       .00308    .0036132
-------------+----------------------------------------------------------------
lambda       |
    lambda_1 |  -.0029649   .0000779   -38.06   0.000    -.0031176   -.0028122
    lambda_2 |   .0010143   .0000627    16.17   0.000     .0008913    .0011372
    lambda_3 |   .0020523   .0000533    38.49   0.000     .0019478    .0021568
    lambda_4 |   .0000643   .0000528     1.22   0.224    -.0000393    .0001679
-------------+----------------------------------------------------------------
delta        |
     delta_1 |    .331091    .000936   353.74   0.000     .3292565    .3329254
     delta_2 |    .224665    .000828   271.35   0.000     .2230422    .2262877
     delta_3 |   .1967642   .0007592   259.18   0.000     .1952762    .1982522
     delta_4 |   .2795549   .0008925   313.22   0.000     .2778056    .2813042
-------------+----------------------------------------------------------------
eta          |
    eta_z1_1 |  -.0005783   .0000102   -56.91   0.000    -.0005982   -.0005584
    eta_z1_2 |   .0000635   .0000102     6.22   0.000     .0000435    .0000836
    eta_z1_3 |  -.0003866   6.52e-06   -59.26   0.000    -.0003994   -.0003738
    eta_z1_4 |   .0009014    .000011    81.98   0.000     .0008799     .000923
    eta_z2_1 |   .0005198   7.16e-06    72.64   0.000     .0005057    .0005338
    eta_z2_2 |  -.0005731   6.09e-06   -94.10   0.000     -.000585   -.0005612
    eta_z2_3 |   .0004368   3.13e-06   139.68   0.000     .0004307    .0004429
    eta_z2_4 |  -.0003835   9.69e-06   -39.57   0.000    -.0004025   -.0003645
    eta_z3_1 |  -.0001626   8.28e-06   -19.64   0.000    -.0001788   -.0001463
    eta_z3_2 |  -.0002949   6.27e-06   -47.00   0.000    -.0003072   -.0002826
    eta_z3_3 |   .0007994   3.58e-06   223.22   0.000     .0007924    .0008064
    eta_z3_4 |   -.000342   .0000103   -33.10   0.000    -.0003622   -.0003217
-------------+----------------------------------------------------------------
rho          |
      rho_z1 |  -.2741132   .0005277  -519.47   0.000    -.2751474   -.2730789
      rho_z2 |   .0134653   .0017464     7.71   0.000     .0100424    .0168882
      rho_z3 |   .0102065   .0005914    17.26   0.000     .0090475    .0113656
-------------+----------------------------------------------------------------
tau          |
        p1_1 |   .3327251   .0621659     5.35   0.000     .2108821    .4545681
        p2_1 |   -.132812   .0623765    -2.13   0.033    -.2550678   -.0105562
        p3_1 |   .1022816   .0615017     1.66   0.096    -.0182595    .2228226
        p4_1 |   .0134216   .0615903     0.22   0.827    -.1072932    .1341364
         M_1 |   .1657052   .0526339     3.15   0.002     .0625446    .2688657
        z1_1 |   .1582363   .0138588    11.42   0.000     .1310736     .185399
        z2_1 |  -.0796871   .0133881    -5.95   0.000    -.1059273    -.053447
        z3_1 |   .0570117   .0133316     4.28   0.000     .0308823    .0831412
      cons_1 |   .6461122   .2419484     2.67   0.008      .171902    1.120322
        p1_2 |  -.1839371   .0502419    -3.66   0.000    -.2824094   -.0854649
        p2_2 |   .4358106   .0505236     8.63   0.000     .3367863     .534835
        p3_2 |  -.1124913   .0501385    -2.24   0.025    -.2107609   -.0142218
        p4_2 |   .1091865   .0499203     2.19   0.029     .0113445    .2070285
         M_2 |   .0994744   .0426209     2.33   0.020      .015939    .1830098
        z1_2 |  -.0338358   .0112243    -3.01   0.003    -.0558351   -.0118366
        z2_2 |   .1154357   .0109999    10.49   0.000     .0938764     .136995
        z3_2 |   .0766916   .0108734     7.05   0.000       .05538    .0980032
      cons_2 |   .5803203   .1962535     2.96   0.003     .1956705    .9649701
        p1_3 |   .0134971   .0454105     0.30   0.766    -.0755059    .1025001
        p2_3 |  -.2023828   .0456748    -4.43   0.000    -.2919038   -.1128617
        p3_3 |   .3754669   .0455728     8.24   0.000     .2861459    .4647879
        p4_3 |  -.1388229   .0452841    -3.07   0.002    -.2275781   -.0500677
         M_3 |   .1192937   .0387562     3.08   0.002     .0433328    .1952545
        z1_3 |   .1006883   .0101853     9.89   0.000     .0807255    .1206512
        z2_3 |  -.0731206   .0099333    -7.36   0.000    -.0925895   -.0536517
        z3_3 |  -.0985347   .0098385   -10.02   0.000    -.1178178   -.0792515
      cons_3 |   .1424429   .1784853     0.80   0.425    -.2073819    .4922678
        p1_4 |   .2430229   .0558147     4.35   0.000     .1336281    .3524176
        p2_4 |  -.0409089   .0561013    -0.73   0.466    -.1508655    .0690476
        p3_4 |  -.0160936    .055582    -0.29   0.772    -.1250323    .0928452
        p4_4 |   .2106121   .0556073     3.79   0.000     .1016237    .3196004
         M_4 |   .1772055   .0476068     3.72   0.000     .0838978    .2705132
        z1_4 |  -.1393795   .0126358   -11.03   0.000    -.1641451   -.1146138
        z2_4 |   .0534539   .0121412     4.40   0.000     .0296576    .0772502
        z3_4 |   .0845509   .0120393     7.02   0.000     .0609543    .1081475
      cons_4 |   .3923866   .2189708     1.79   0.073    -.0367883    .8215615
-------------+----------------------------------------------------------------
ELAS_INC     |
         e_1 |   1.005533          .        .       .            .           .
         e_2 |   1.002912          .        .       .            .           .
         e_3 |   1.004833          .        .       .            .           .
         e_4 |   1.001628          .        .       .            .           .
-------------+----------------------------------------------------------------
ELAS_UNCOMP  |
       e_1_1 |  -.9820692          .        .       .            .           .
       e_2_1 |  -.0181185          .        .       .            .           .
       e_3_1 |   .0017425          .        .       .            .           .
       e_4_1 |   .0002703          .        .       .            .           .
       e_1_2 |  -.0294653          .        .       .            .           .
       e_2_2 |  -.9404935          .        .       .            .           .
       e_3_2 |  -.0296302          .        .       .            .           .
       e_4_2 |    .011013          .        .       .            .           .
       e_1_3 |   .0017547          .        .       .            .           .
       e_2_3 |   -.038128          .        .       .            .           .
       e_3_3 |  -.9353999          .        .       .            .           .
       e_4_3 |  -.0275979          .        .       .            .           .
       e_1_4 |   .0088413          .        .       .            .           .
       e_2_4 |   .0044718          .        .       .            .           .
       e_3_4 |  -.0148319          .        .       .            .           .
       e_4_4 |  -.9842819          .        .       .            .           .
-------------+----------------------------------------------------------------
ELAS_COMP    |
       e_1_1 |   -.656463          .        .       .            .           .
       e_2_1 |   .2082236          .        .       .            .           .
       e_3_1 |   .1727082          .        .       .            .           .
       e_4_1 |   .2828889          .        .       .            .           .
       e_1_2 |   .2952923          .        .       .            .           .
       e_2_2 |  -.7147413          .        .       .            .           .
       e_3_2 |   .1408899          .        .       .            .           .
       e_4_2 |   .2928949          .        .       .            .           .
       e_1_3 |   .3271342          .        .       .            .           .
       e_2_3 |   .1880566          .        .       .            .           .
       e_3_3 |  -.7645532          .        .       .            .           .
       e_4_3 |    .254824          .        .       .            .           .
       e_1_4 |   .3331832          .        .       .            .           .
       e_2_4 |    .229935          .        .       .            .           .
       e_3_4 |   .1554699          .        .       .            .           .
       e_4_4 |  -.7027607          .        .       .            .           .
------------------------------------------------------------------------------

. local rc = _rc

. timer off 1

. quietly timer list 1

. scalar bench_runtime = r(t1)

. display "BENCHRUNTIME " %21.17g bench_runtime
BENCHRUNTIME              1161.171

. 
. if `rc' != 0 {
.     display "BENCHFAIL return_code=`rc'"
.     log close
.     exit `rc'
. }

. 
. * Dump e(b) at full precision. In quaidsce v2.0 this contains structural
. * parameters, first-stage probit coefficients, and all three elasticity blocks.
. matrix BB = e(b)

. matrix VV = e(V)

. local NAMES : colfullnames BB

. mata: ///
>     b = st_matrix("BB"); v = st_matrix("VV"); nm = tokens(st_local("NAMES")); ///
>     for (i=1; i<=cols(b); i++) { ///
>         se = (v[i,i] >= 0 ? sqrt(v[i,i]) : .); ///
>         printf("BENCHPARM %s %21.17g %21.17g\n", nm[i], b[i], se); ///
>     }
BENCHPARM alpha:alpha_1    .20909850187732176  .0024597147684128824
BENCHPARM alpha:alpha_2    .22212156099826685  .0017165113268344542
BENCHPARM alpha:alpha_3    .22393573093442731  .0016725019371046645
BENCHPARM alpha:alpha_4    .23829680516684779  .0015495784421300386
BENCHPARM beta:beta_1  -.030872616539107528  .0008470816083991511
BENCHPARM beta:beta_2   .010652995208759621  .0006359187845883361
BENCHPARM beta:beta_3   .022491661179257359  .0005723379242954017
BENCHPARM beta:beta_4 -.0005546986606430176  .0005316413663870311
BENCHPARM gamma:gamma_1_1   .008706947456329342  .0001190100005263639
BENCHPARM gamma:gamma_2_1 -.0076076391660298273  .0001093616770985792
BENCHPARM gamma:gamma_3_1 -.0015158259114303079   .000060926960900312
BENCHPARM gamma:gamma_4_1  .0004165176211307932  .0000880317751574203
BENCHPARM gamma:gamma_2_2   .012745808053115856  .0001087600191385713
BENCHPARM gamma:gamma_3_2 -.0069802439933438244    .00005875136515478
BENCHPARM gamma:gamma_4_2  .0018420751062577954  .0000973307045620862
BENCHPARM gamma:gamma_3_3   .014101273370627998  .0000724916728377211
BENCHPARM gamma:gamma_4_3 -.0056052034658538655  .0000459461777387514
BENCHPARM gamma:gamma_4_4  .0033466107384652766  .0001360420914567521
BENCHPARM lambda:lambda_1 -.0029648895415984302  .0000779027027697355
BENCHPARM lambda:lambda_2  .0010142539242517714  .0000627109233424805
BENCHPARM lambda:lambda_3  .0020522729998918095  .0000533198500067354
BENCHPARM lambda:lambda_4  .0000642836982294351   .000052847016146766
BENCHPARM delta:delta_1    .33109096794879239  .0009359685653664537
BENCHPARM delta:delta_2    .22466495982391732  .0008279507636474689
BENCHPARM delta:delta_3    .19676416272332004  .0007591935567988204
BENCHPARM delta:delta_4    .27955493538701864  .0008925145900083938
BENCHPARM eta:eta_z1_1  -.000578304380468039   .000010162123228911
BENCHPARM eta:eta_z1_2  .0000635316985229622  .0000102138896706384
BENCHPARM eta:eta_z1_3 -.0003866286637800486  6.52435596411630e-06
BENCHPARM eta:eta_z1_4  .0009014013457251253  .0000109957112432435
BENCHPARM eta:eta_z2_1  .0005197717525358228  7.15550461956646e-06
BENCHPARM eta:eta_z2_2 -.0005730979744194267  6.09020590514265e-06
BENCHPARM eta:eta_z2_3  .0004368171218410406  3.12720872421697e-06
BENCHPARM eta:eta_z2_4 -.0003834908999574366  9.69189774935599e-06
BENCHPARM eta:eta_z3_1 -.0001625515389476299  8.27780681364049e-06
BENCHPARM eta:eta_z3_2 -.0002948902335892993  6.27420372124879e-06
BENCHPARM eta:eta_z3_3  .0007994193879159267  3.58132894390773e-06
BENCHPARM eta:eta_z3_4 -.0003419776153789975  .0000103309483676145
BENCHPARM rho:rho_z1   -.27411316849396927  .0005276817319682257
BENCHPARM rho:rho_z2   .013465296902752761  .0017464119771355958
BENCHPARM rho:rho_z3   .010206507322748902  .0005913613498509776
BENCHPARM tau:p1_1    .33272512720948816   .062165931556185043
BENCHPARM tau:p2_1   -.13281199382354908    .06237654962444325
BENCHPARM tau:p3_1    .10228158254728302   .061501658879208297
BENCHPARM tau:p4_1   .013421551223064843   .061590315582171755
BENCHPARM tau:M_1    .16570517273346702   .052633905904324062
BENCHPARM tau:z1_1    .15823633990630753   .013858775972474591
BENCHPARM tau:z2_1  -.079687135494383443   .013388091379298857
BENCHPARM tau:z3_1   .057011741580014146   .013331612905949313
BENCHPARM tau:cons_1    .64611223455464473    .24194844198177992
BENCHPARM tau:p1_2   -.18393712678452517   .050241880730665753
BENCHPARM tau:p2_2    .43581063691531585   .050523562828286579
BENCHPARM tau:p3_2   -.11249133765178798   .050138452825282662
BENCHPARM tau:p4_2     .1091865112514312    .04992028668143958
BENCHPARM tau:M_2   .099474411081549086   .042620870255020586
BENCHPARM tau:z1_2  -.033835817674344883    .01122431928895783
BENCHPARM tau:z2_2    .11543571119243955   .010999862777167742
BENCHPARM tau:z3_2   .076691607132065423   .010873446739794086
BENCHPARM tau:cons_2    .58032030663771561    .19625350073106293
BENCHPARM tau:p1_3   .013497101920395858   .045410548469715359
BENCHPARM tau:p2_3   -.20238276463005456   .045674848335535444
BENCHPARM tau:p3_3    .37546689618958157   .045572777561739115
BENCHPARM tau:p4_3   -.13882287349521844   .045284096167716892
BENCHPARM tau:M_3    .11929365607044408   .038756236445186075
BENCHPARM tau:z1_3    .10068831639990253    .01018531039073794
BENCHPARM tau:z2_3  -.073120605456500731  .0099332883385320828
BENCHPARM tau:z3_3  -.098534682168918711  .0098385170390073318
BENCHPARM tau:cons_3    .14244292575620121    .17848534283491319
BENCHPARM tau:p1_4    .24302287419890314   .055814671963428771
BENCHPARM tau:p2_4  -.040908935332884644   .056101297496283661
BENCHPARM tau:p3_4  -.016093580901969811   .055582024108129409
BENCHPARM tau:p4_4    .21061206560829154   .055607333333073682
BENCHPARM tau:M_4    .17720549575937364   .047606828476610921
BENCHPARM tau:z1_4   -.13937945784101127   .012635756834968698
BENCHPARM tau:z2_4   .053453884520135296   .012141194010791423
BENCHPARM tau:z3_4   .084550898959399337   .012039307817905279
BENCHPARM tau:cons_4    .39238655582959103    .21897081144799019
BENCHPARM ELAS_INC:e_1     1.005532623976144                     0
BENCHPARM ELAS_INC:e_2     1.002911750584893                     0
BENCHPARM ELAS_INC:e_3     1.004832659749352                     0
BENCHPARM ELAS_INC:e_4     1.001628318606391                     0
BENCHPARM ELAS_UNCOMP:e_1_1   -.98206922713939726                     0
BENCHPARM ELAS_UNCOMP:e_2_1  -.018118521023129001                     0
BENCHPARM ELAS_UNCOMP:e_3_1  .0017425001432341001                     0
BENCHPARM ELAS_UNCOMP:e_4_1     .0002702653790712                     0
BENCHPARM ELAS_UNCOMP:e_1_2  -.029465259478895701                     0
BENCHPARM ELAS_UNCOMP:e_2_2    -.9404935192648709                     0
BENCHPARM ELAS_UNCOMP:e_3_2    -.0296302121833469                     0
BENCHPARM ELAS_UNCOMP:e_4_2     .0110129704071059                     0
BENCHPARM ELAS_UNCOMP:e_1_3     .0017546645742753                     0
BENCHPARM ELAS_UNCOMP:e_2_3    -.0381279692292818                     0
BENCHPARM ELAS_UNCOMP:e_3_3   -.93539988566239107                     0
BENCHPARM ELAS_UNCOMP:e_4_3    -.0275978816318188                     0
BENCHPARM ELAS_UNCOMP:e_1_4  .0088413020687443996                     0
BENCHPARM ELAS_UNCOMP:e_2_4  .0044717606112634999                     0
BENCHPARM ELAS_UNCOMP:e_3_4  -.014831941213475201                     0
BENCHPARM ELAS_UNCOMP:e_4_4   -.98428189912775532                     0
BENCHPARM ELAS_COMP:e_1_1   -.65646300953180647                     0
BENCHPARM ELAS_COMP:e_2_1    .20822360934618089                     0
BENCHPARM ELAS_COMP:e_3_1     .1727081788365003                     0
BENCHPARM ELAS_COMP:e_4_1    .28288886268504831                     0
BENCHPARM ELAS_COMP:e_1_2    .29529228086909592                     0
BENCHPARM ELAS_COMP:e_2_2   -.71474133899032599                     0
BENCHPARM ELAS_COMP:e_3_2    .14088985252642419                     0
BENCHPARM ELAS_COMP:e_4_2    .29289493565969132                     0
BENCHPARM ELAS_COMP:e_1_3    .32713422349480609                     0
BENCHPARM ELAS_COMP:e_2_3     .1880566014641939                     0
BENCHPARM ELAS_COMP:e_3_3   -.76455321838281853                     0
BENCHPARM ELAS_COMP:e_4_3    .25482398122395411                     0
BENCHPARM ELAS_COMP:e_1_4    .33318324831057539                     0
BENCHPARM ELAS_COMP:e_2_4    .22993504451261121                     0
BENCHPARM ELAS_COMP:e_3_4    .15546990798142421                     0
BENCHPARM ELAS_COMP:e_4_4   -.70276065985944247                     0

. 
. display "BENCHLL " %21.17g e(ll)
BENCHLL    217406.98256980674

. display "BENCHN " e(N)
BENCHN 20000

. 
. log close
      name:  <unnamed>
       log:  C:\Users\Administrator\stata_benchmark.log
  log type:  text
 closed on:  13 Aug 2026, 08:25:41
--------------------------------------------------------------------------------------------------------------------------------------------------------------------------------------
